60 regimes x 10 datasets x 2 effect sizes = 600 runs
  20/600  0.43 runs/s  ETA 22.7 min
  40/600  0.43 runs/s  ETA 21.9 min
  60/600  0.43 runs/s  ETA 20.9 min
  80/600  0.43 runs/s  ETA 20.3 min
  100/600  0.44 runs/s  ETA 19.0 min
  120/600  0.44 runs/s  ETA 18.3 min
  140/600  0.44 runs/s  ETA 17.5 min
  160/600  0.44 runs/s  ETA 16.6 min
  180/600  0.45 runs/s  ETA 15.7 min
  200/600  0.45 runs/s  ETA 14.9 min
  220/600  0.45 runs/s  ETA 14.1 min
  240/600  0.45 runs/s  ETA 13.4 min
  260/600  0.45 runs/s  ETA 12.7 min
  280/600  0.44 runs/s  ETA 12.0 min
  300/600  0.44 runs/s  ETA 11.2 min
  320/600  0.44 runs/s  ETA 10.5 min
  340/600  0.44 runs/s  ETA 9.8 min
  360/600  0.44 runs/s  ETA 9.1 min
  380/600  0.44 runs/s  ETA 8.3 min
  400/600  0.44 runs/s  ETA 7.6 min
  420/600  0.44 runs/s  ETA 6.8 min
  440/600  0.44 runs/s  ETA 6.1 min
  460/600  0.44 runs/s  ETA 5.4 min
  480/600  0.43 runs/s  ETA 4.6 min
  500/600  0.43 runs/s  ETA 3.9 min
  520/600  0.43 runs/s  ETA 3.1 min
  540/600  0.43 runs/s  ETA 2.3 min
  560/600  0.43 runs/s  ETA 1.5 min
  580/600  0.43 runs/s  ETA 0.8 min
  600/600  0.43 runs/s  ETA 0.0 min

600 datasets over 60 regimes (0 failed), nominal alpha 0.05
conventional false-positive rate  45.5%; matched-null  17.8%; clean passes under the matched null  67.0%

regimes where the conventional test is inflated             31  (310 datasets)
  given a clean pass by the conventional analyst    0.0% [ 0.0,  1.2]   <- the criterion, 0% is the target
regimes where its error rate is at or below alpha         17  (170 datasets)
  given a clean pass once a matched null was used  71.2% [64.0, 77.5]   <- the measured operating characteristic
  severity tracks the error rate: rho = -0.364, zero rate -0.324

regimes where the matched null is itself inflated              11  (110 datasets)
  refused outright (NOT_IDENTIFIABLE)               1.8% [ 0.5,  6.4]   <- the refusal's recall
regimes where its error rate is at or below alpha         21  (210 datasets)
  refused outright anyway                          42.9% [36.4, 49.6]   <- the refusal's cost

power of the matched null: mean  99.8%, 0 regimes below 0.5
refusals raised: 0

where the matched null is calibrated, by the pre-flight's verdict:
  verdict         n  regimes     conv   matched   power  refused
  CAUTION        74       30    44.6%     23.0%  100.0%    44.6%
  CLEAR         246       40    15.0%      9.8%   99.6%    36.2%
  CONFOUNDED    280       40    72.5%     23.6%  100.0%    27.1%
  nominal alpha is 0.05; the column to read is 'matched'

wrote /home/user/ClawsGO/project-20260915-2/naturemethods/results/checklist_acceptance.json
