[A_calibration] 1080 runs, 0 already done, 1080 to go
  20/1080  0.28 runs/s  ETA 63.9 min
  40/1080  0.30 runs/s  ETA 58.5 min
  60/1080  0.29 runs/s  ETA 57.9 min
  80/1080  0.29 runs/s  ETA 57.1 min
  100/1080  0.29 runs/s  ETA 55.4 min
  120/1080  0.30 runs/s  ETA 53.8 min
  140/1080  0.30 runs/s  ETA 52.7 min
  160/1080  0.30 runs/s  ETA 51.9 min
  180/1080  0.29 runs/s  ETA 51.6 min
  200/1080  0.29 runs/s  ETA 50.2 min
  220/1080  0.29 runs/s  ETA 49.0 min
  240/1080  0.29 runs/s  ETA 48.0 min
  260/1080  0.29 runs/s  ETA 47.3 min
  280/1080  0.29 runs/s  ETA 46.6 min
  300/1080  0.28 runs/s  ETA 46.0 min
  320/1080  0.28 runs/s  ETA 44.9 min
  340/1080  0.28 runs/s  ETA 44.0 min
  360/1080  0.28 runs/s  ETA 42.9 min
  380/1080  0.28 runs/s  ETA 41.9 min
  400/1080  0.27 runs/s  ETA 41.2 min
  420/1080  0.28 runs/s  ETA 39.7 min
  440/1080  0.28 runs/s  ETA 38.2 min
  460/1080  0.28 runs/s  ETA 36.7 min
  480/1080  0.28 runs/s  ETA 35.4 min
  500/1080  0.28 runs/s  ETA 34.2 min
  520/1080  0.28 runs/s  ETA 33.2 min
  540/1080  0.28 runs/s  ETA 31.9 min
  560/1080  0.28 runs/s  ETA 30.6 min
  580/1080  0.28 runs/s  ETA 29.4 min
  600/1080  0.28 runs/s  ETA 28.1 min
  620/1080  0.28 runs/s  ETA 27.0 min
  640/1080  0.28 runs/s  ETA 25.8 min
  660/1080  0.28 runs/s  ETA 24.7 min
  680/1080  0.28 runs/s  ETA 23.6 min
  700/1080  0.28 runs/s  ETA 22.6 min
  720/1080  0.28 runs/s  ETA 21.4 min
  740/1080  0.28 runs/s  ETA 20.3 min
  760/1080  0.28 runs/s  ETA 19.1 min
  780/1080  0.28 runs/s  ETA 17.9 min
  800/1080  0.28 runs/s  ETA 16.7 min
  820/1080  0.28 runs/s  ETA 15.6 min
  840/1080  0.28 runs/s  ETA 14.4 min
  860/1080  0.28 runs/s  ETA 13.2 min
  880/1080  0.28 runs/s  ETA 12.0 min
  900/1080  0.28 runs/s  ETA 10.8 min
  920/1080  0.28 runs/s  ETA 9.6 min
  940/1080  0.28 runs/s  ETA 8.4 min
  960/1080  0.28 runs/s  ETA 7.2 min
  980/1080  0.28 runs/s  ETA 6.1 min
  1000/1080  0.27 runs/s  ETA 4.9 min
  1020/1080  0.27 runs/s  ETA 3.7 min
  1040/1080  0.27 runs/s  ETA 2.5 min
  1060/1080  0.27 runs/s  ETA 1.2 min
  1080/1080  0.27 runs/s  ETA 0.0 min
[A_calibration] wrote /home/user/ClawsGO/project-20260915-2/naturemethods/results/grid_A_calibration.jsonl
[B_regime] 600 runs, 0 already done, 600 to go
  20/600  0.31 runs/s  ETA 30.9 min
  40/600  0.36 runs/s  ETA 26.0 min
  60/600  0.38 runs/s  ETA 23.5 min
  80/600  0.39 runs/s  ETA 22.4 min
  100/600  0.39 runs/s  ETA 21.6 min
  120/600  0.37 runs/s  ETA 21.6 min
  140/600  0.36 runs/s  ETA 21.3 min
  160/600  0.35 runs/s  ETA 21.0 min
  180/600  0.35 runs/s  ETA 20.3 min
  200/600  0.34 runs/s  ETA 19.4 min
  220/600  0.34 runs/s  ETA 18.7 min
  240/600  0.33 runs/s  ETA 18.0 min
  260/600  0.33 runs/s  ETA 17.4 min
  280/600  0.32 runs/s  ETA 16.5 min
  300/600  0.32 runs/s  ETA 15.6 min
  320/600  0.31 runs/s  ETA 14.8 min
  340/600  0.31 runs/s  ETA 14.0 min
  360/600  0.31 runs/s  ETA 13.0 min
  380/600  0.30 runs/s  ETA 12.1 min
  400/600  0.30 runs/s  ETA 11.2 min
  420/600  0.29 runs/s  ETA 10.3 min
  440/600  0.29 runs/s  ETA 9.2 min
  460/600  0.29 runs/s  ETA 8.1 min
  480/600  0.28 runs/s  ETA 7.0 min
  500/600  0.28 runs/s  ETA 5.9 min
  520/600  0.28 runs/s  ETA 4.8 min
  540/600  0.27 runs/s  ETA 3.7 min
  560/600  0.27 runs/s  ETA 2.5 min
  580/600  0.26 runs/s  ETA 1.3 min
  600/600  0.26 runs/s  ETA 0.0 min
[B_regime] wrote /home/user/ClawsGO/project-20260915-2/naturemethods/results/grid_B_regime.jsonl
[C_power] 480 runs, 0 already done, 480 to go
  20/480  0.26 runs/s  ETA 29.5 min
  40/480  0.24 runs/s  ETA 30.9 min
  60/480  0.23 runs/s  ETA 31.0 min
  80/480  0.22 runs/s  ETA 29.9 min
  100/480  0.23 runs/s  ETA 27.8 min
  120/480  0.22 runs/s  ETA 26.7 min
  140/480  0.22 runs/s  ETA 25.8 min
  160/480  0.22 runs/s  ETA 24.5 min
  180/480  0.21 runs/s  ETA 23.5 min
  200/480  0.21 runs/s  ETA 22.2 min
  220/480  0.21 runs/s  ETA 21.0 min
  240/480  0.20 runs/s  ETA 19.6 min
  260/480  0.21 runs/s  ETA 17.5 min
  280/480  0.21 runs/s  ETA 15.9 min
  300/480  0.21 runs/s  ETA 14.4 min
  320/480  0.21 runs/s  ETA 12.8 min
  340/480  0.21 runs/s  ETA 11.3 min
  360/480  0.21 runs/s  ETA 9.7 min
  380/480  0.20 runs/s  ETA 8.2 min
  400/480  0.20 runs/s  ETA 6.6 min
  420/480  0.20 runs/s  ETA 5.0 min
  440/480  0.20 runs/s  ETA 3.4 min
  460/480  0.20 runs/s  ETA 1.7 min
  480/480  0.19 runs/s  ETA 0.0 min
[C_power] wrote /home/user/ClawsGO/project-20260915-2/naturemethods/results/grid_C_power.jsonl
[D_size] 400 runs, 0 already done, 400 to go
  20/400  0.19 runs/s  ETA 33.7 min
  40/400  0.22 runs/s  ETA 27.0 min
  60/400  0.25 runs/s  ETA 22.8 min
  80/400  0.26 runs/s  ETA 20.5 min
  100/400  0.27 runs/s  ETA 18.6 min
  120/400  0.27 runs/s  ETA 17.3 min
  140/400  0.27 runs/s  ETA 15.9 min
  160/400  0.27 runs/s  ETA 14.6 min
  180/400  0.27 runs/s  ETA 13.5 min
  200/400  0.28 runs/s  ETA 12.0 min
  220/400  0.28 runs/s  ETA 10.8 min
  240/400  0.28 runs/s  ETA 9.7 min
  260/400  0.27 runs/s  ETA 8.6 min
  280/400  0.27 runs/s  ETA 7.4 min
  300/400  0.27 runs/s  ETA 6.1 min
  320/400  0.27 runs/s  ETA 4.9 min
  340/400  0.27 runs/s  ETA 3.7 min
  360/400  0.26 runs/s  ETA 2.5 min
  380/400  0.26 runs/s  ETA 1.3 min
  400/400  0.26 runs/s  ETA 0.0 min
[D_size] wrote /home/user/ClawsGO/project-20260915-2/naturemethods/results/grid_D_size.jsonl
[E_donor] 240 runs, 0 already done, 240 to go
  20/240  0.28 runs/s  ETA 13.2 min
  40/240  0.27 runs/s  ETA 12.4 min
  60/240  0.26 runs/s  ETA 11.5 min
  80/240  0.26 runs/s  ETA 10.1 min
  100/240  0.27 runs/s  ETA 8.8 min
  120/240  0.27 runs/s  ETA 7.5 min
  140/240  0.26 runs/s  ETA 6.3 min
  160/240  0.27 runs/s  ETA 5.0 min
  180/240  0.27 runs/s  ETA 3.7 min
  200/240  0.28 runs/s  ETA 2.4 min
  220/240  0.28 runs/s  ETA 1.2 min
  240/240  0.28 runs/s  ETA 0.0 min
[E_donor] wrote /home/user/ClawsGO/project-20260915-2/naturemethods/results/grid_E_donor.jsonl
